// Jest Snapshot v1, https://goo.gl/fbAQLP

exports[`Mobile Menu should take a snapshot 1`] = `
<DocumentFragment>
  <nav
    class="MuiList-root MuiList-padding css-h4y409-MuiList-root"
    style="background: rgb(186, 24, 27); color: rgb(255, 255, 255);"
  >
    <div
      class="MuiListItemButton-root MuiListItemButton-gutters MuiButtonBase-root css-cvhtoe-MuiButtonBase-root-MuiListItemButton-root"
      role="button"
      tabindex="0"
    >
      <div
        class="MuiListItemText-root css-tlelie-MuiListItemText-root"
      />
      <svg
        aria-hidden="true"
        class="MuiSvgIcon-root MuiSvgIcon-fontSizeMedium css-i4bv87-MuiSvgIcon-root"
        data-testid="ExpandMoreIcon"
        focusable="false"
        viewBox="0 0 24 24"
      >
        <path
          d="M16.59 8.59 12 13.17 7.41 8.59 6 10l6 6 6-6z"
        />
      </svg>
      <span
        class="MuiTouchRipple-root css-8je8zh-MuiTouchRipple-root"
      />
    </div>
  </nav>
</DocumentFragment>
`;
