// Jest Snapshot v1, https://goo.gl/fbAQLP

exports[`Drawer should take a snapshot 1`] = `
<DocumentFragment>
  <div
    class="makeStyles-logoBox-7"
  >
    <button
      class="MuiButtonBase-root MuiIconButton-root makeStyles-icon-9"
      sx="[object Object]"
      tabindex="0"
      type="button"
    >
      <span
        class="MuiIconButton-label"
      >
        <svg
          aria-hidden="true"
          class="MuiSvgIcon-root"
          focusable="false"
          viewBox="0 0 24 24"
        >
          <path
            d="M3 18h18v-2H3v2zm0-5h18v-2H3v2zm0-7v2h18V6H3z"
          />
        </svg>
      </span>
      <span
        class="MuiTouchRipple-root"
      />
    </button>
    <span>
      <a
        class="makeStyles-logo-10"
        href="/"
      >
        AED 
        <br />
         nearME 
      </a>
    </span>
  </div>
</DocumentFragment>
`;
