// Jest Snapshot v1, https://goo.gl/fbAQLP

exports[`FAQ should take a snapshot 1`] = `
<DocumentFragment>
  <h1>
    Frequently asked questions
  </h1>
  <p
    class="MuiTypography-root MuiTypography-body1"
  />
</DocumentFragment>
`;
