// Jest Snapshot v1, https://goo.gl/fbAQLP

exports[`Main Map should take a snapshot 1`] = `
<DocumentFragment>
  <div />
  <div>
    Loading...
  </div>
</DocumentFragment>
`;
